[cryptotemplate.webflow.io/index.html]
[backblue.gif]
[fade.gif]
[index.html]
[cryptotemplate.webflow.io/about.html]
[cryptotemplate.webflow.io/contact.html]
[cryptotemplate.webflow.io/token/bitcoin.html]
[cryptotemplate.webflow.io/start-here.html]
[cryptotemplate.webflow.io/styleguide.html]
[cryptotemplate.webflow.io/401.html]
[cryptotemplate.webflow.io/licenses.html]
[cryptotemplate.webflow.io/blog/how-to-trade-crypto-tokens-from-your-phone.html]
[cryptotemplate.webflow.io/index.html]
[cryptotemplate.webflow.io/team/john-carter.html]
[cryptotemplate.webflow.io/about.html]
[cryptotemplate.webflow.io/contact.html]
[cryptotemplate.webflow.io/token/bitcoin.html]
[cryptotemplate.webflow.io/start-here.html]
[cryptotemplate.webflow.io/styleguide.html]
[cryptotemplate.webflow.io/401.html]
[cryptotemplate.webflow.io/licenses.html]
[cryptotemplate.webflow.io/blog/how-to-trade-crypto-tokens-from-your-phone.html]
[cryptotemplate.webflow.io/team/john-carter.html]
[cryptotemplate.webflow.io/pricing.html]
[cryptotemplate.webflow.io/tokens.html]
[cryptotemplate.webflow.io/blog.html]
[cryptotemplate.webflow.io/product/expert.html]
[cryptotemplate.webflow.io/blog/what-is-the-best-and-most-secure-crypto-wallet-of-2020.html]
[cryptotemplate.webflow.io/404.html]
[cryptotemplate.webflow.io/changelog.html]
[cryptotemplate.webflow.io/checkout.html]
[cryptotemplate.webflow.io/blog/5-great-crypto-apps-you-should-not-be-missing-out.html]
[cryptotemplate.webflow.io/team/sophie-moore.html]
[cryptotemplate.webflow.io/team/alex-turner.html]
[cryptotemplate.webflow.io/blog/best-platform-to-trade-btc-on-your-phone.html]
[cryptotemplate.webflow.io/blog/best-4k-monitors-for-efficient-crypto-trading.html]
